2026-04-02 13:34:32,646 - INFO - Loading engineered data from SQLite...
2026-04-02 13:34:38,273 - INFO - Loaded 148,670 rows x 40 columns
2026-04-02 13:34:38,335 - INFO - Features: 37 | No Default: 112,031 | Default: 36,639
2026-04-02 13:34:38,517 - INFO - Train: 118,936 | Test: 29,734
2026-04-02 13:34:42,761 - INFO - After SMOTE - Train size: 179,250
2026-04-02 13:34:43,392 - INFO - Training XGBoost...
2026-04-02 13:35:02,016 - INFO - XGBoost CV ROC-AUC: 1.0000 +/- 0.0000
2026-04-02 13:35:06,244 - INFO - 
==================================================
2026-04-02 13:35:06,245 - INFO -   XGBoost Results:
2026-04-02 13:35:06,252 - INFO - ==================================================
2026-04-02 13:35:06,253 - INFO -   accuracy: 0.9997
2026-04-02 13:35:06,254 - INFO -   precision: 0.999
2026-04-02 13:35:06,254 - INFO -   recall: 0.9996
2026-04-02 13:35:06,255 - INFO -   f1_score: 0.9993
2026-04-02 13:35:06,255 - INFO -   roc_auc: 1.0
2026-04-02 13:35:06,290 - INFO - 
              precision    recall  f1-score   support

           0       1.00      1.00      1.00     22406
           1       1.00      1.00      1.00      7328

    accuracy                           1.00     29734
   macro avg       1.00      1.00      1.00     29734
weighted avg       1.00      1.00      1.00     29734

2026-04-02 13:35:06,298 - INFO - Confusion Matrix:
[[22399     7]
 [    3  7325]]
2026-04-02 13:35:17,157 - INFO - XGBoost training complete!
2026-04-02 13:35:17,321 - INFO - Training LightGBM...
2026-04-02 13:35:37,314 - INFO - LightGBM CV ROC-AUC: 1.0000 +/- 0.0000
2026-04-02 13:35:41,474 - INFO - 
==================================================
2026-04-02 13:35:41,475 - INFO -   LightGBM Results:
2026-04-02 13:35:41,475 - INFO - ==================================================
2026-04-02 13:35:41,476 - INFO -   accuracy: 0.9999
2026-04-02 13:35:41,476 - INFO -   precision: 1.0
2026-04-02 13:35:41,476 - INFO -   recall: 0.9997
2026-04-02 13:35:41,477 - INFO -   f1_score: 0.9999
2026-04-02 13:35:41,477 - INFO -   roc_auc: 1.0
2026-04-02 13:35:41,513 - INFO - 
              precision    recall  f1-score   support

           0       1.00      1.00      1.00     22406
           1       1.00      1.00      1.00      7328

    accuracy                           1.00     29734
   macro avg       1.00      1.00      1.00     29734
weighted avg       1.00      1.00      1.00     29734

2026-04-02 13:35:41,521 - INFO - Confusion Matrix:
[[22406     0]
 [    2  7326]]
2026-04-02 13:35:50,348 - INFO - LightGBM training complete!
2026-04-02 13:35:50,357 - INFO - 
============================================================
2026-04-02 13:35:50,358 - INFO -   MODEL COMPARISON SUMMARY
2026-04-02 13:35:50,358 - INFO - ============================================================
2026-04-02 13:35:50,358 - INFO - Metric              LogReg    XGBoost   LightGBM
2026-04-02 13:35:50,359 - INFO - --------------------------------------------------
2026-04-02 13:35:50,360 - INFO - accuracy            0.7438     0.9997     0.9999
2026-04-02 13:35:50,360 - INFO - precision           0.4845      0.999        1.0
2026-04-02 13:35:50,361 - INFO - recall              0.6168     0.9996     0.9997
2026-04-02 13:35:50,361 - INFO - f1_score            0.5427     0.9993     0.9999
2026-04-02 13:35:50,361 - INFO - roc_auc             0.7586        1.0        1.0
2026-04-02 13:35:50,364 - INFO - 
Comparison saved to: data/reports/model_comparison.json
2026-04-02 13:35:50,368 - INFO - Advanced model training complete!
2026-04-02 13:39:09,904 - INFO - Loading engineered data from SQLite...
2026-04-02 13:39:12,714 - INFO - Loaded 148,670 rows x 40 columns
2026-04-02 13:39:12,749 - INFO - Features: 37 | No Default: 112,031 | Default: 36,639
2026-04-02 13:39:12,856 - INFO - Train: 118,936 | Test: 29,734
2026-04-02 13:39:15,746 - INFO - After SMOTE - Train size: 179,250
2026-04-02 13:39:16,128 - INFO - Training XGBoost...
2026-04-02 13:39:28,371 - INFO - XGBoost CV ROC-AUC: 1.0000 +/- 0.0000
2026-04-02 13:39:31,443 - INFO - 
==================================================
2026-04-02 13:39:31,443 - INFO -   XGBoost Results:
2026-04-02 13:39:31,443 - INFO - ==================================================
2026-04-02 13:39:31,444 - INFO -   accuracy: 0.9997
2026-04-02 13:39:31,444 - INFO -   precision: 0.999
2026-04-02 13:39:31,444 - INFO -   recall: 0.9996
2026-04-02 13:39:31,444 - INFO -   f1_score: 0.9993
2026-04-02 13:39:31,444 - INFO -   roc_auc: 1.0
2026-04-02 13:39:31,472 - INFO - 
              precision    recall  f1-score   support

           0       1.00      1.00      1.00     22406
           1       1.00      1.00      1.00      7328

    accuracy                           1.00     29734
   macro avg       1.00      1.00      1.00     29734
weighted avg       1.00      1.00      1.00     29734

2026-04-02 13:39:31,477 - INFO - Confusion Matrix:
[[22399     7]
 [    3  7325]]
2026-04-02 13:39:38,378 - INFO - XGBoost training complete!
2026-04-02 13:39:38,468 - INFO - Training LightGBM...
2026-04-02 13:39:50,267 - INFO - LightGBM CV ROC-AUC: 1.0000 +/- 0.0000
2026-04-02 13:39:52,859 - INFO - 
==================================================
2026-04-02 13:39:52,859 - INFO -   LightGBM Results:
2026-04-02 13:39:52,860 - INFO - ==================================================
2026-04-02 13:39:52,860 - INFO -   accuracy: 0.9999
2026-04-02 13:39:52,860 - INFO -   precision: 1.0
2026-04-02 13:39:52,860 - INFO -   recall: 0.9997
2026-04-02 13:39:52,860 - INFO -   f1_score: 0.9999
2026-04-02 13:39:52,861 - INFO -   roc_auc: 1.0
2026-04-02 13:39:52,882 - INFO - 
              precision    recall  f1-score   support

           0       1.00      1.00      1.00     22406
           1       1.00      1.00      1.00      7328

    accuracy                           1.00     29734
   macro avg       1.00      1.00      1.00     29734
weighted avg       1.00      1.00      1.00     29734

2026-04-02 13:39:52,888 - INFO - Confusion Matrix:
[[22406     0]
 [    2  7326]]
2026-04-02 13:39:58,630 - INFO - LightGBM training complete!
2026-04-02 13:39:58,634 - INFO - 
============================================================
2026-04-02 13:39:58,635 - INFO -   MODEL COMPARISON SUMMARY
2026-04-02 13:39:58,635 - INFO - ============================================================
2026-04-02 13:39:58,635 - INFO - Metric              LogReg    XGBoost   LightGBM
2026-04-02 13:39:58,635 - INFO - --------------------------------------------------
2026-04-02 13:39:58,636 - INFO - accuracy            0.7438     0.9997     0.9999
2026-04-02 13:39:58,636 - INFO - precision           0.4845      0.999        1.0
2026-04-02 13:39:58,636 - INFO - recall              0.6168     0.9996     0.9997
2026-04-02 13:39:58,636 - INFO - f1_score            0.5427     0.9993     0.9999
2026-04-02 13:39:58,637 - INFO - roc_auc             0.7586        1.0        1.0
2026-04-02 13:39:58,638 - INFO - 
Comparison saved to: data/reports/model_comparison.json
2026-04-02 13:39:58,638 - INFO - Advanced model training complete!
2026-04-02 13:41:52,227 - INFO - Loading engineered data from SQLite...
2026-04-02 13:41:55,257 - INFO - Loaded 148,670 rows x 40 columns
2026-04-02 13:41:55,295 - INFO - Features: 37 | No Default: 112,031 | Default: 36,639
2026-04-02 13:41:55,429 - INFO - Train: 118,936 | Test: 29,734
2026-04-02 13:41:58,464 - INFO - After SMOTE - Train size: 179,250
2026-04-02 13:41:58,857 - INFO - Training XGBoost...
2026-04-02 13:42:11,967 - INFO - XGBoost CV ROC-AUC: 1.0000 +/- 0.0000
2026-04-02 13:42:14,876 - INFO - 
==================================================
2026-04-02 13:42:14,877 - INFO -   XGBoost Results:
2026-04-02 13:42:14,877 - INFO - ==================================================
2026-04-02 13:42:14,878 - INFO -   accuracy: 0.9997
2026-04-02 13:42:14,878 - INFO -   precision: 0.999
2026-04-02 13:42:14,879 - INFO -   recall: 0.9996
2026-04-02 13:42:14,879 - INFO -   f1_score: 0.9993
2026-04-02 13:42:14,880 - INFO -   roc_auc: 1.0
2026-04-02 13:42:14,902 - INFO - 
              precision    recall  f1-score   support

           0       1.00      1.00      1.00     22406
           1       1.00      1.00      1.00      7328

    accuracy                           1.00     29734
   macro avg       1.00      1.00      1.00     29734
weighted avg       1.00      1.00      1.00     29734

2026-04-02 13:42:14,907 - INFO - Confusion Matrix:
[[22399     7]
 [    3  7325]]
2026-04-02 13:42:22,165 - INFO - XGBoost training complete!
2026-04-02 13:42:22,246 - INFO - Training LightGBM...
2026-04-02 13:42:35,661 - INFO - LightGBM CV ROC-AUC: 1.0000 +/- 0.0000
2026-04-02 13:42:38,669 - INFO - 
==================================================
2026-04-02 13:42:38,669 - INFO -   LightGBM Results:
2026-04-02 13:42:38,669 - INFO - ==================================================
2026-04-02 13:42:38,669 - INFO -   accuracy: 0.9999
2026-04-02 13:42:38,669 - INFO -   precision: 1.0
2026-04-02 13:42:38,670 - INFO -   recall: 0.9997
2026-04-02 13:42:38,670 - INFO -   f1_score: 0.9999
2026-04-02 13:42:38,670 - INFO -   roc_auc: 1.0
2026-04-02 13:42:38,692 - INFO - 
              precision    recall  f1-score   support

           0       1.00      1.00      1.00     22406
           1       1.00      1.00      1.00      7328

    accuracy                           1.00     29734
   macro avg       1.00      1.00      1.00     29734
weighted avg       1.00      1.00      1.00     29734

2026-04-02 13:42:38,698 - INFO - Confusion Matrix:
[[22406     0]
 [    2  7326]]
2026-04-02 13:42:45,773 - INFO - LightGBM training complete!
2026-04-02 13:42:45,777 - INFO - 
============================================================
2026-04-02 13:42:45,777 - INFO -   MODEL COMPARISON SUMMARY
2026-04-02 13:42:45,777 - INFO - ============================================================
2026-04-02 13:42:45,777 - INFO - Metric              LogReg    XGBoost   LightGBM
2026-04-02 13:42:45,777 - INFO - --------------------------------------------------
2026-04-02 13:42:45,778 - INFO - accuracy            0.7438     0.9997     0.9999
2026-04-02 13:42:45,778 - INFO - precision           0.4845      0.999        1.0
2026-04-02 13:42:45,778 - INFO - recall              0.6168     0.9996     0.9997
2026-04-02 13:42:45,779 - INFO - f1_score            0.5427     0.9993     0.9999
2026-04-02 13:42:45,779 - INFO - roc_auc             0.7586        1.0        1.0
2026-04-02 13:42:45,781 - INFO - 
Comparison saved to: data/reports/model_comparison.json
2026-04-02 13:42:45,781 - INFO - Advanced model training complete!
2026-04-02 13:43:37,224 - INFO - Loading engineered data from SQLite...
2026-04-02 13:43:39,832 - INFO - Loaded 148,670 rows x 36 columns
2026-04-02 13:43:39,868 - INFO - Features: 33 | No Default: 112,031 | Default: 36,639
2026-04-02 13:43:39,971 - INFO - Train: 118,936 | Test: 29,734
2026-04-02 13:43:42,854 - INFO - After SMOTE - Train size: 179,250
2026-04-02 13:43:43,203 - INFO - Training XGBoost...
2026-04-02 13:43:56,718 - INFO - XGBoost CV ROC-AUC: 0.9575 +/- 0.0008
2026-04-02 13:44:00,088 - INFO - 
==================================================
2026-04-02 13:44:00,089 - INFO -   XGBoost Results:
2026-04-02 13:44:00,089 - INFO - ==================================================
2026-04-02 13:44:00,089 - INFO -   accuracy: 0.8923
2026-04-02 13:44:00,089 - INFO -   precision: 0.8656
2026-04-02 13:44:00,089 - INFO -   recall: 0.6663
2026-04-02 13:44:00,090 - INFO -   f1_score: 0.753
2026-04-02 13:44:00,090 - INFO -   roc_auc: 0.8906
2026-04-02 13:44:00,119 - INFO - 
              precision    recall  f1-score   support

           0       0.90      0.97      0.93     22406
           1       0.87      0.67      0.75      7328

    accuracy                           0.89     29734
   macro avg       0.88      0.82      0.84     29734
weighted avg       0.89      0.89      0.89     29734

2026-04-02 13:44:00,124 - INFO - Confusion Matrix:
[[21648   758]
 [ 2445  4883]]
2026-04-02 13:44:06,839 - INFO - XGBoost training complete!
2026-04-02 13:44:06,913 - INFO - Training LightGBM...
2026-04-02 13:44:18,365 - INFO - LightGBM CV ROC-AUC: 0.9597 +/- 0.0008
2026-04-02 13:44:21,580 - INFO - 
==================================================
2026-04-02 13:44:21,580 - INFO -   LightGBM Results:
2026-04-02 13:44:21,580 - INFO - ==================================================
2026-04-02 13:44:21,581 - INFO -   accuracy: 0.8943
2026-04-02 13:44:21,581 - INFO -   precision: 0.878
2026-04-02 13:44:21,581 - INFO -   recall: 0.6632
2026-04-02 13:44:21,582 - INFO -   f1_score: 0.7557
2026-04-02 13:44:21,582 - INFO -   roc_auc: 0.8903
2026-04-02 13:44:21,610 - INFO - 
              precision    recall  f1-score   support

           0       0.90      0.97      0.93     22406
           1       0.88      0.66      0.76      7328

    accuracy                           0.89     29734
   macro avg       0.89      0.82      0.84     29734
weighted avg       0.89      0.89      0.89     29734

2026-04-02 13:44:21,616 - INFO - Confusion Matrix:
[[21731   675]
 [ 2468  4860]]
2026-04-02 13:44:28,098 - INFO - LightGBM training complete!
2026-04-02 13:44:28,102 - INFO - 
============================================================
2026-04-02 13:44:28,102 - INFO -   MODEL COMPARISON SUMMARY
2026-04-02 13:44:28,102 - INFO - ============================================================
2026-04-02 13:44:28,103 - INFO - Metric              LogReg    XGBoost   LightGBM
2026-04-02 13:44:28,103 - INFO - --------------------------------------------------
2026-04-02 13:44:28,103 - INFO - accuracy            0.7253     0.8923     0.8943
2026-04-02 13:44:28,103 - INFO - precision           0.4551     0.8656      0.878
2026-04-02 13:44:28,103 - INFO - recall              0.5802     0.6663     0.6632
2026-04-02 13:44:28,104 - INFO - f1_score            0.5101      0.753     0.7557
2026-04-02 13:44:28,104 - INFO - roc_auc             0.7241     0.8906     0.8903
2026-04-02 13:44:28,105 - INFO - 
Comparison saved to: data/reports/model_comparison.json
2026-04-02 13:44:28,106 - INFO - Advanced model training complete!
