2026-04-02 13:13:36,835 - INFO - Loading data from SQLite...
2026-04-02 13:13:38,520 - INFO - Loaded 148,670 rows x 34 columns
2026-04-02 13:13:38,521 - INFO - Creating LTV bands...
2026-04-02 13:13:38,533 - INFO - Creating income to loan ratio...
2026-04-02 13:13:38,538 - INFO - Creating credit risk score...
2026-04-02 13:13:38,558 - INFO - Creating interest burden...
2026-04-02 13:13:38,564 - INFO - Creating property loan gap...
2026-04-02 13:13:38,567 - INFO - Creating high risk flag...
2026-04-02 13:13:38,570 - INFO - New features added: ltv_band, income_loan_ratio, credit_risk_score, interest_burden, property_loan_gap, high_risk_flag
2026-04-02 13:13:38,571 - INFO - Final shape: 148,670 rows x 40 columns
2026-04-02 13:13:40,242 - INFO - Saved engineered CSV to: data/processed/engineered_loan_data.csv
2026-04-02 13:13:43,311 - INFO - Saved to SQLite table: 'loan_engineered'
2026-04-02 13:13:43,312 - INFO - Feature engineering complete!
2026-04-02 13:38:30,679 - INFO - Loading data from SQLite...
2026-04-02 13:38:33,184 - INFO - Loaded 148,670 rows x 34 columns
2026-04-02 13:38:33,184 - INFO - Creating LTV bands...
2026-04-02 13:38:33,195 - INFO - Creating income to loan ratio...
2026-04-02 13:38:33,206 - INFO - Creating credit risk score...
2026-04-02 13:38:33,230 - INFO - Creating interest burden...
2026-04-02 13:38:33,237 - INFO - Creating property loan gap...
2026-04-02 13:38:33,240 - INFO - Creating high risk flag...
2026-04-02 13:38:33,243 - INFO - New features added: ltv_band, income_loan_ratio, credit_risk_score, interest_burden, property_loan_gap, high_risk_flag
2026-04-02 13:38:33,244 - INFO - Final shape: 148,670 rows x 40 columns
2026-04-02 13:38:35,597 - INFO - Saved engineered CSV to: data/processed/engineered_loan_data.csv
2026-04-02 13:38:40,207 - INFO - Saved to SQLite table: 'loan_engineered'
2026-04-02 13:38:40,207 - INFO - Feature engineering complete!
2026-04-02 13:42:59,595 - INFO - Loading data from SQLite...
2026-04-02 13:43:01,805 - INFO - Loaded 148,670 rows x 31 columns
2026-04-02 13:43:01,805 - INFO - Creating LTV bands...
2026-04-02 13:43:01,817 - INFO - Creating income to loan ratio...
2026-04-02 13:43:01,825 - INFO - Creating credit risk score...
2026-04-02 13:43:01,848 - INFO - Creating interest burden...
2026-04-02 13:43:01,848 - INFO - Creating property loan gap...
2026-04-02 13:43:01,851 - INFO - Creating high risk flag...
2026-04-02 13:43:01,854 - INFO - New features added: ltv_band, income_loan_ratio, credit_risk_score, interest_burden, property_loan_gap, high_risk_flag
2026-04-02 13:43:01,854 - INFO - Final shape: 148,670 rows x 36 columns
2026-04-02 13:43:03,651 - INFO - Saved engineered CSV to: data/processed/engineered_loan_data.csv
2026-04-02 13:43:07,809 - INFO - Saved to SQLite table: 'loan_engineered'
2026-04-02 13:43:07,810 - INFO - Feature engineering complete!
