2026-04-02 13:11:50,369 — INFO — Loading raw data from: data/raw/Loan_default.csv
2026-04-02 13:11:50,797 — INFO — Raw shape: 148,670 rows x 34 columns
2026-04-02 13:11:50,797 — INFO — Standardizing column names...
2026-04-02 13:11:51,018 — INFO — Duplicates removed: 0
2026-04-02 13:11:51,026 — INFO — Fixing data types...
2026-04-02 13:11:51,034 — INFO — Imputing missing values...
2026-04-02 13:11:51,060 — INFO —   rate_of_interest: filled 36439 missing with median
2026-04-02 13:11:51,065 — INFO —   interest_rate_spread: filled 36639 missing with median
2026-04-02 13:11:51,073 — INFO —   upfront_charges: filled 39642 missing with median
2026-04-02 13:11:51,078 — INFO —   term: filled 41 missing with median
2026-04-02 13:11:51,086 — INFO —   property_value: filled 15098 missing with median
2026-04-02 13:11:51,092 — INFO —   income: filled 9150 missing with median
2026-04-02 13:11:51,100 — INFO —   ltv: filled 15098 missing with median
2026-04-02 13:11:51,108 — INFO —   dtir1: filled 24121 missing with median
2026-04-02 13:11:51,155 — INFO —   loan_limit: filled 3344 missing with mode
2026-04-02 13:11:51,186 — INFO —   approv_in_adv: filled 908 missing with mode
2026-04-02 13:11:51,218 — INFO —   loan_purpose: filled 134 missing with mode
2026-04-02 13:11:51,295 — INFO —   neg_ammortization: filled 121 missing with mode
2026-04-02 13:11:51,367 — INFO —   age: filled 200 missing with mode
2026-04-02 13:11:51,389 — INFO —   submission_of_application: filled 200 missing with mode
2026-04-02 13:11:51,403 — INFO — Encoding categorical columns...
2026-04-02 13:11:51,467 — INFO —   Encoded: loan_limit
2026-04-02 13:11:51,475 — INFO —   Encoded: gender
2026-04-02 13:11:51,481 — INFO —   Encoded: approv_in_adv
2026-04-02 13:11:51,487 — INFO —   Encoded: loan_type
2026-04-02 13:11:51,493 — INFO —   Encoded: loan_purpose
2026-04-02 13:11:51,498 — INFO —   Encoded: credit_worthiness
2026-04-02 13:11:51,505 — INFO —   Encoded: open_credit
2026-04-02 13:11:51,514 — INFO —   Encoded: business_or_commercial
2026-04-02 13:11:51,522 — INFO —   Encoded: neg_ammortization
2026-04-02 13:11:51,529 — INFO —   Encoded: interest_only
2026-04-02 13:11:51,535 — INFO —   Encoded: lump_sum_payment
2026-04-02 13:11:51,541 — INFO —   Encoded: construction_type
2026-04-02 13:11:51,547 — INFO —   Encoded: occupancy_type
2026-04-02 13:11:51,554 — INFO —   Encoded: secured_by
2026-04-02 13:11:51,559 — INFO —   Encoded: total_units
2026-04-02 13:11:51,567 — INFO —   Encoded: credit_type
2026-04-02 13:11:51,574 — INFO —   Encoded: co-applicant_credit_type
2026-04-02 13:11:51,580 — INFO —   Encoded: age
2026-04-02 13:11:51,590 — INFO —   Encoded: submission_of_application
2026-04-02 13:11:51,596 — INFO —   Encoded: region
2026-04-02 13:11:51,612 — INFO —   Encoded: security_type
2026-04-02 13:38:18,612 — INFO — Loading raw data from: data/raw/Loan_default.csv
2026-04-02 13:38:19,198 — INFO — Raw shape: 148,670 rows x 34 columns
2026-04-02 13:38:19,198 — INFO — Standardizing column names...
2026-04-02 13:38:19,489 — INFO — Duplicates removed: 0
2026-04-02 13:38:19,498 — INFO — Fixing data types...
2026-04-02 13:38:19,509 — INFO — Imputing missing values...
2026-04-02 13:38:19,541 — INFO —   rate_of_interest: filled 36439 missing with median
2026-04-02 13:38:19,549 — INFO —   interest_rate_spread: filled 36639 missing with median
2026-04-02 13:38:19,560 — INFO —   upfront_charges: filled 39642 missing with median
2026-04-02 13:38:19,565 — INFO —   term: filled 41 missing with median
2026-04-02 13:38:19,574 — INFO —   property_value: filled 15098 missing with median
2026-04-02 13:38:19,582 — INFO —   income: filled 9150 missing with median
2026-04-02 13:38:19,591 — INFO —   ltv: filled 15098 missing with median
2026-04-02 13:38:19,600 — INFO —   dtir1: filled 24121 missing with median
2026-04-02 13:38:19,671 — INFO —   loan_limit: filled 3344 missing with mode
2026-04-02 13:38:19,707 — INFO —   approv_in_adv: filled 908 missing with mode
2026-04-02 13:38:19,742 — INFO —   loan_purpose: filled 134 missing with mode
2026-04-02 13:38:19,794 — INFO —   neg_ammortization: filled 121 missing with mode
2026-04-02 13:38:19,879 — INFO —   age: filled 200 missing with mode
2026-04-02 13:38:19,913 — INFO —   submission_of_application: filled 200 missing with mode
2026-04-02 13:38:19,929 — INFO — Encoding categorical columns...
2026-04-02 13:38:20,011 — INFO —   Encoded: loan_limit
2026-04-02 13:38:20,021 — INFO —   Encoded: gender
2026-04-02 13:38:20,029 — INFO —   Encoded: approv_in_adv
2026-04-02 13:38:20,039 — INFO —   Encoded: loan_type
2026-04-02 13:38:20,046 — INFO —   Encoded: loan_purpose
2026-04-02 13:38:20,056 — INFO —   Encoded: credit_worthiness
2026-04-02 13:38:20,064 — INFO —   Encoded: open_credit
2026-04-02 13:38:20,074 — INFO —   Encoded: business_or_commercial
2026-04-02 13:38:20,084 — INFO —   Encoded: neg_ammortization
2026-04-02 13:38:20,094 — INFO —   Encoded: interest_only
2026-04-02 13:38:20,103 — INFO —   Encoded: lump_sum_payment
2026-04-02 13:38:20,110 — INFO —   Encoded: construction_type
2026-04-02 13:38:20,118 — INFO —   Encoded: occupancy_type
2026-04-02 13:38:20,125 — INFO —   Encoded: secured_by
2026-04-02 13:38:20,134 — INFO —   Encoded: total_units
2026-04-02 13:38:20,145 — INFO —   Encoded: credit_type
2026-04-02 13:38:20,153 — INFO —   Encoded: co-applicant_credit_type
2026-04-02 13:38:20,162 — INFO —   Encoded: age
2026-04-02 13:38:20,171 — INFO —   Encoded: submission_of_application
2026-04-02 13:38:20,179 — INFO —   Encoded: region
2026-04-02 13:38:20,198 — INFO —   Encoded: security_type
2026-04-02 13:41:38,812 — INFO — Loading raw data from: data/raw/Loan_default.csv
2026-04-02 13:41:39,401 — INFO — Raw shape: 148,670 rows x 34 columns
2026-04-02 13:41:39,402 — INFO — Standardizing column names...
2026-04-02 13:41:39,685 — INFO — Duplicates removed: 0
2026-04-02 13:41:39,695 — INFO — Fixing data types...
2026-04-02 13:41:39,706 — INFO — Imputing missing values...
2026-04-02 13:41:39,740 — INFO —   rate_of_interest: filled 36439 missing with median
2026-04-02 13:41:39,749 — INFO —   interest_rate_spread: filled 36639 missing with median
2026-04-02 13:41:39,758 — INFO —   upfront_charges: filled 39642 missing with median
2026-04-02 13:41:39,766 — INFO —   term: filled 41 missing with median
2026-04-02 13:41:39,776 — INFO —   property_value: filled 15098 missing with median
2026-04-02 13:41:39,785 — INFO —   income: filled 9150 missing with median
2026-04-02 13:41:39,794 — INFO —   ltv: filled 15098 missing with median
2026-04-02 13:41:39,804 — INFO —   dtir1: filled 24121 missing with median
2026-04-02 13:41:39,865 — INFO —   loan_limit: filled 3344 missing with mode
2026-04-02 13:41:39,906 — INFO —   approv_in_adv: filled 908 missing with mode
2026-04-02 13:41:39,943 — INFO —   loan_purpose: filled 134 missing with mode
2026-04-02 13:41:39,998 — INFO —   neg_ammortization: filled 121 missing with mode
2026-04-02 13:41:40,090 — INFO —   age: filled 200 missing with mode
2026-04-02 13:41:40,121 — INFO —   submission_of_application: filled 200 missing with mode
2026-04-02 13:41:40,138 — INFO — Encoding categorical columns...
2026-04-02 13:41:40,220 — INFO —   Encoded: loan_limit
2026-04-02 13:41:40,230 — INFO —   Encoded: gender
2026-04-02 13:41:40,240 — INFO —   Encoded: approv_in_adv
2026-04-02 13:41:40,248 — INFO —   Encoded: loan_type
2026-04-02 13:41:40,258 — INFO —   Encoded: loan_purpose
2026-04-02 13:41:40,268 — INFO —   Encoded: credit_worthiness
2026-04-02 13:41:40,275 — INFO —   Encoded: open_credit
2026-04-02 13:41:40,285 — INFO —   Encoded: business_or_commercial
2026-04-02 13:41:40,293 — INFO —   Encoded: neg_ammortization
2026-04-02 13:41:40,306 — INFO —   Encoded: interest_only
2026-04-02 13:41:40,315 — INFO —   Encoded: lump_sum_payment
2026-04-02 13:41:40,324 — INFO —   Encoded: construction_type
2026-04-02 13:41:40,333 — INFO —   Encoded: occupancy_type
2026-04-02 13:41:40,342 — INFO —   Encoded: secured_by
2026-04-02 13:41:40,351 — INFO —   Encoded: total_units
2026-04-02 13:41:40,359 — INFO —   Encoded: credit_type
2026-04-02 13:41:40,371 — INFO —   Encoded: co-applicant_credit_type
2026-04-02 13:41:40,378 — INFO —   Encoded: age
2026-04-02 13:41:40,389 — INFO —   Encoded: submission_of_application
2026-04-02 13:41:40,397 — INFO —   Encoded: region
2026-04-02 13:41:40,417 — INFO —   Encoded: security_type
2026-04-02 13:42:49,818 — INFO — Loading raw data from: data/raw/Loan_default.csv
2026-04-02 13:42:50,405 — INFO — Raw shape: 148,670 rows x 34 columns
2026-04-02 13:42:50,406 — INFO — Standardizing column names...
2026-04-02 13:42:50,691 — INFO — Duplicates removed: 0
2026-04-02 13:42:50,704 — INFO — Fixing data types...
2026-04-02 13:42:50,718 — INFO — Imputing missing values...
2026-04-02 13:42:50,750 — INFO —   rate_of_interest: filled 36439 missing with median
2026-04-02 13:42:50,758 — INFO —   interest_rate_spread: filled 36639 missing with median
2026-04-02 13:42:50,767 — INFO —   upfront_charges: filled 39642 missing with median
2026-04-02 13:42:50,774 — INFO —   term: filled 41 missing with median
2026-04-02 13:42:50,782 — INFO —   property_value: filled 15098 missing with median
2026-04-02 13:42:50,789 — INFO —   income: filled 9150 missing with median
2026-04-02 13:42:50,798 — INFO —   ltv: filled 15098 missing with median
2026-04-02 13:42:50,806 — INFO —   dtir1: filled 24121 missing with median
2026-04-02 13:42:50,862 — INFO —   loan_limit: filled 3344 missing with mode
2026-04-02 13:42:50,903 — INFO —   approv_in_adv: filled 908 missing with mode
2026-04-02 13:42:50,938 — INFO —   loan_purpose: filled 134 missing with mode
2026-04-02 13:42:50,990 — INFO —   neg_ammortization: filled 121 missing with mode
2026-04-02 13:42:51,072 — INFO —   age: filled 200 missing with mode
2026-04-02 13:42:51,102 — INFO —   submission_of_application: filled 200 missing with mode
2026-04-02 13:42:51,117 — INFO — Dropping leaky columns: ['interest_rate_spread', 'upfront_charges', 'rate_of_interest']
2026-04-02 13:42:51,187 — INFO — Encoding categorical columns...
2026-04-02 13:42:51,263 — INFO —   Encoded: loan_limit
2026-04-02 13:42:51,273 — INFO —   Encoded: gender
2026-04-02 13:42:51,284 — INFO —   Encoded: approv_in_adv
2026-04-02 13:42:51,292 — INFO —   Encoded: loan_type
2026-04-02 13:42:51,302 — INFO —   Encoded: loan_purpose
2026-04-02 13:42:51,310 — INFO —   Encoded: credit_worthiness
2026-04-02 13:42:51,319 — INFO —   Encoded: open_credit
2026-04-02 13:42:51,329 — INFO —   Encoded: business_or_commercial
2026-04-02 13:42:51,340 — INFO —   Encoded: neg_ammortization
2026-04-02 13:42:51,350 — INFO —   Encoded: interest_only
2026-04-02 13:42:51,360 — INFO —   Encoded: lump_sum_payment
2026-04-02 13:42:51,370 — INFO —   Encoded: construction_type
2026-04-02 13:42:51,378 — INFO —   Encoded: occupancy_type
2026-04-02 13:42:51,389 — INFO —   Encoded: secured_by
2026-04-02 13:42:51,399 — INFO —   Encoded: total_units
2026-04-02 13:42:51,409 — INFO —   Encoded: credit_type
2026-04-02 13:42:51,425 — INFO —   Encoded: co-applicant_credit_type
2026-04-02 13:42:51,436 — INFO —   Encoded: age
2026-04-02 13:42:51,446 — INFO —   Encoded: submission_of_application
2026-04-02 13:42:51,456 — INFO —   Encoded: region
2026-04-02 13:42:51,469 — INFO —   Encoded: security_type
